###############################################################################
#
# IAR ELF Linker V8.30.2.160/W32 for ARM                  07/Jan/2019  18:17:50
# Copyright 2007-2018 IAR Systems AB.
#
#    Output file  =  
#        C:\Users\user\Desktop\Micro Controllers\Assignments and
#        Projects\Calculator2\Debug\Exe\Calculator.out
#    Map file     =  
#        C:\Users\user\Desktop\Micro Controllers\Assignments and
#        Projects\Calculator2\Debug\List\Calculator.map
#    Command line =  
#        -f C:\Users\user\AppData\Local\Temp\EW7B85.tmp
#        ("C:\Users\user\Desktop\Micro Controllers\Assignments and
#        Projects\Calculator2\Debug\Obj\charToint.o"
#        "C:\Users\user\Desktop\Micro Controllers\Assignments and
#        Projects\Calculator2\Debug\Obj\delayMicroSec.o"
#        "C:\Users\user\Desktop\Micro Controllers\Assignments and
#        Projects\Calculator2\Debug\Obj\delayMilliSec.o"
#        "C:\Users\user\Desktop\Micro Controllers\Assignments and
#        Projects\Calculator2\driverlib\ewarm\Exe\driverlib.a"
#        "C:\Users\user\Desktop\Micro Controllers\Assignments and
#        Projects\Calculator2\Debug\Obj\intTochar.o"
#        "C:\Users\user\Desktop\Micro Controllers\Assignments and
#        Projects\Calculator2\Debug\Obj\keypad.o" "C:\Users\user\Desktop\Micro
#        Controllers\Assignments and Projects\Calculator2\Debug\Obj\lcd.o"
#        "C:\Users\user\Desktop\Micro Controllers\Assignments and
#        Projects\Calculator2\Debug\Obj\main.o" "C:\Users\user\Desktop\Micro
#        Controllers\Assignments and Projects\Calculator2\Debug\Obj\timerRTC.o"
#        --no_out_extension -o "C:\Users\user\Desktop\Micro
#        Controllers\Assignments and
#        Projects\Calculator2\Debug\Exe\Calculator.out" --redirect
#        _Printf=_PrintfFullNoMb --redirect _Scanf=_ScanfFullNoMb --map
#        "C:\Users\user\Desktop\Micro Controllers\Assignments and
#        Projects\Calculator2\Debug\List\Calculator.map" --config "C:\Program
#        Files (x86)\IAR Systems\Embedded Workbench
#        8.1\arm\config\linker\TexasInstruments\TM4C123GH6.icf" --diag_suppress
#        Lt009 --semihosting --entry __iar_program_start --vfe --text_out
#        locale)
#
###############################################################################

*******************************************************************************
*** RUNTIME MODEL ATTRIBUTES
***

CppFlavor       = *
__SystemLibrary = DLib
__dlib_version  = 6


*******************************************************************************
*** HEAP SELECTION
***

The basic heap was selected because some modules are built with
size limitations (and not runtime checking), and --advanced_heap
was not specified.


*******************************************************************************
*** PLACEMENT SUMMARY
***

"A0":  place at 0x0 { ro section .intvec };
"P1":  place in [from 0x0 to 0x3'ffff] { ro };
define block CSTACK with size = 4K, alignment = 8 { };
define block HEAP with size = 8K, alignment = 8 { };
"P2":  place in [from 0x2000'0000 to 0x2000'7fff] {
          rw, block CSTACK, block HEAP };
initialize by copy { rw };

  Section            Kind         Address    Size  Object
  -------            ----         -------    ----  ------
"A0":                                        0x40
  .intvec            ro code          0x0    0x40  vector_table_M.o [5]
                                   - 0x40    0x40

"P1":                                      0x13b0
  .text              ro code         0x40   0x5d4  main.o [1]
  .text              ro code        0x614   0x110  lcd.o [1]
  .text              ro code        0x724   0x17c  keypad.o [1]
  .text              ro code        0x8a0    0x58  timerRTC.o [1]
  .text              ro code        0x8f8    0x1a  delayMilliSec.o [1]
  .text              ro code        0x912    0x3a  zero_init3.o [5]
  .text              ro code        0x94c   0x1ac  intTochar.o [1]
  .text              ro code        0xaf8    0x9c  timer.o [3]
  .text              ro code        0xb94    0x52  charToint.o [1]
  .text              ro code        0xbe6     0x2  vector_table_M.o [5]
  .text              ro code        0xbe8   0x140  sysctl.o [3]
  .text              ro code        0xd28   0x4b4  gpio.o [3]
  .text              ro code       0x11dc    0x16  delayMicroSec.o [1]
  .text              ro code       0x11f4    0x56  ABImemcpy_unaligned.o [5]
  .text              ro code       0x124c    0xa0  interrupt.o [3]
  .text              ro code       0x12ec    0x2c  copy_init3.o [5]
  .text              ro code       0x1318    0x28  data_init.o [5]
  .text              ro code       0x1340    0x22  fpinit_M.o [4]
  .iar.init_table    const         0x1364    0x24  - Linker created -
  .text              ro code       0x1388    0x1e  cmain.o [5]
  .text              ro code       0x13a6     0x4  low_level_init.o [2]
  .text              ro code       0x13aa     0x4  exit.o [2]
  .text              ro code       0x13b0     0xa  cexit.o [5]
  .text              ro code       0x13bc    0x14  exit.o [6]
  .rodata            const         0x13d0    0x10  keypad.o [1]
  .text              ro code       0x13e0     0xc  cstartup_M.o [5]
  Initializer bytes  const         0x13ec     0x4  <for P2-1>
  .rodata            const         0x13f0     0x0  zero_init3.o [5]
  .rodata            const         0x13f0     0x0  copy_init3.o [5]
                                 - 0x13f0  0x13b0

"P2", part 1 of 3:                            0x4
  P2-1                        0x2000'0000     0x1  <Init block>
    .data            inited   0x2000'0000     0x1  main.o [1]
                            - 0x2000'0001     0x1

"P2", part 2 of 3:                          0x68c
  VTABLE             zero     0x2000'0400   0x26c  interrupt.o [3]
  .bss               zero     0x2000'066c     0x8  main.o [1]
  .bss               zero     0x2000'0674     0x4  main.o [1]
  .bss               zero     0x2000'0678     0x8  main.o [1]
  .bss               zero     0x2000'0680     0x4  main.o [1]
  .bss               zero     0x2000'0684     0x4  main.o [1]
  .bss               zero     0x2000'0688     0x4  main.o [1]
  .bss               zero     0x2000'068c     0x1  main.o [1]
  .bss               zero     0x2000'068d     0x1  main.o [1]
  .bss               zero     0x2000'068e     0x1  main.o [1]
                            - 0x2000'068f   0x68b

"P2", part 3 of 3:                         0x1000
  CSTACK                      0x2000'0690  0x1000  <Block>
    CSTACK           uninit   0x2000'0690  0x1000  <Block tail>
                            - 0x2000'1690  0x1000

Unused ranges:

         From           To      Size
         ----           --      ----
       0x13f0     0x3'ffff  0x3'ec10
  0x2000'1690  0x2000'7fff    0x6970


*******************************************************************************
*** INIT TABLE
***

          Address      Size
          -------      ----
Zero (__iar_zero_init3)
    1 destination range, total size 0x28f:
          0x2000'0400  0x28f

Copy (__iar_copy_init3)
    1 source range, total size 0x4 (400% of destination):
               0x13ec    0x4
    1 destination range, total size 0x1:
          0x2000'0000    0x1



*******************************************************************************
*** MODULE SUMMARY
***

    Module                 ro code  ro data  rw data
    ------                 -------  -------  -------
command line/config:
    ------------------------------------------------
    Total:

C:\Users\user\Desktop\Micro Controllers\Assignments and Projects\Calculator2\Debug\Obj: [1]
    charToint.o                 82
    delayMicroSec.o             22
    delayMilliSec.o             26
    intTochar.o                428
    keypad.o                   380       16
    lcd.o                      272
    main.o                   1 492        1       36
    timerRTC.o                  88
    ------------------------------------------------
    Total:                   2 790       17       36

dl7M_tln.a: [2]
    exit.o                       4
    low_level_init.o             4
    ------------------------------------------------
    Total:                       8

driverlib.a: [3]
    gpio.o                   1 204
    interrupt.o                160               620
    sysctl.o                   320
    timer.o                    156
    ------------------------------------------------
    Total:                   1 840               620

m7M_tls.a: [4]
    fpinit_M.o                  34
    ------------------------------------------------
    Total:                      34

rt7M_tl.a: [5]
    ABImemcpy_unaligned.o       86
    cexit.o                     10
    cmain.o                     30
    copy_init3.o                44
    cstartup_M.o                12
    data_init.o                 40
    vector_table_M.o            66
    zero_init3.o                58
    ------------------------------------------------
    Total:                     346

shb_l.a: [6]
    exit.o                      20
    ------------------------------------------------
    Total:                      20

    Gaps                         8        2    1 020
    Linker created                       39    4 096
----------------------------------------------------
    Grand Total:             5 046       58    5 772


*******************************************************************************
*** ENTRY LIST
***

Entry                       Address   Size  Type      Object
-----                       -------   ----  ----      ------
.iar.init_table$$Base        0x1364          --   Gb  - Linker created -
.iar.init_table$$Limit       0x1388          --   Gb  - Linker created -
?main                        0x1389         Code  Gb  cmain.o [5]
CSTACK$$Base            0x2000'0690          --   Gb  - Linker created -
CSTACK$$Limit           0x2000'1690          --   Gb  - Linker created -
GPIODirModeSet                0xd69   0x28  Code  Gb  gpio.o [3]
GPIOIntClear                  0xee1    0x6  Code  Gb  gpio.o [3]
GPIOIntEnable                 0xedb    0x6  Code  Gb  gpio.o [3]
GPIOIntRegister               0xee7   0x14  Code  Gb  gpio.o [3]
GPIOIntTypeSet                0xd91   0x4c  Code  Gb  gpio.o [3]
GPIOPadConfigSet              0xddd   0xfe  Code  Gb  gpio.o [3]
GPIOPinConfigure              0xf63   0x38  Code  Gb  gpio.o [3]
GPIOPinTypeGPIOInput          0xf07   0x14  Code  Gb  gpio.o [3]
GPIOPinTypeGPIOOutput         0xf1b    0xa  Code  Gb  gpio.o [3]
GPIOPinTypeGPIOOutputOD
                              0xf25    0x8  Code  Gb  gpio.o [3]
GPIOPinTypeTimer              0xf47   0x14  Code  Gb  gpio.o [3]
IntEnable                    0x1273   0x56  Code  Gb  interrupt.o [3]
IntRegister                  0x124d   0x26  Code  Gb  interrupt.o [3]
LCD_Init                      0x615   0x5e  Code  Gb  lcd.o [1]
PortCIntHandler               0x859   0x20  Code  Gb  keypad.o [1]
Region$$Table$$Base          0x1364          --   Gb  - Linker created -
Region$$Table$$Limit         0x1388          --   Gb  - Linker created -
SysCtlClockSet                0xc2d   0xd8  Code  Gb  sysctl.o [3]
SysCtlDelay                   0xc25    0x8  Code  Gb  sysctl.o [3]
SysCtlPeripheralEnable        0xc09    0x8  Code  Gb  sysctl.o [3]
SysCtlPeripheralReady         0xbe9    0x8  Code  Gb  sysctl.o [3]
TimeRTCinint                  0x8a1   0x58  Code  Gb  timerRTC.o [1]
TimerConfigure                0xb05   0x52  Code  Gb  timer.o [3]
TimerEnable                   0xaf9    0xc  Code  Gb  timer.o [3]
TimerLoadSet64                0xb75    0x6  Code  Gb  timer.o [3]
TimerRTCEnable                0xb69    0xc  Code  Gb  timer.o [3]
TimerValueGet64               0xb7b   0x14  Code  Gb  timer.o [3]
_GPIOIntNumberGet             0xd29   0x40  Code  Lc  gpio.o [3]
__cmain                      0x1389         Code  Gb  cmain.o [5]
__exit                       0x13bd   0x14  Code  Gb  exit.o [6]
__iar_copy_init3             0x12ed   0x2c  Code  Gb  copy_init3.o [5]
__iar_data_init3             0x1319   0x28  Code  Gb  data_init.o [5]
__iar_init_vfp               0x1341         Code  Gb  fpinit_M.o [4]
__iar_program_start          0x13e1         Code  Gb  cstartup_M.o [5]
__iar_unaligned_memcpy4
                             0x11f5         Code  Gb  ABImemcpy_unaligned.o [5]
__iar_unaligned_memcpy8
                             0x11f5         Code  Gb  ABImemcpy_unaligned.o [5]
__iar_zero_init3              0x913   0x3a  Code  Gb  zero_init3.o [5]
__low_level_init             0x13a7    0x4  Code  Gb  low_level_init.o [2]
__vector_table                  0x0         Data  Gb  vector_table_M.o [5]
_call_main                   0x1395         Code  Gb  cmain.o [5]
_exit                        0x13b1         Code  Gb  cexit.o [5]
_main                        0x13a3         Code  Gb  cmain.o [5]
calculate_operand             0x587   0x54  Code  Gb  main.o [1]
charToint                     0xb95   0x52  Code  Gb  charToint.o [1]
clock                   0x2000'0678    0x8  Data  Gb  main.o [1]
delayMicroSec                0x11dd   0x16  Code  Gb  delayMicroSec.o [1]
delayMilliSec                 0x8f9   0x1a  Code  Gb  delayMilliSec.o [1]
error                         0x543   0x44  Code  Gb  main.o [1]
exit                         0x13ab    0x4  Code  Gb  exit.o [2]
flag                    0x2000'0680    0x4  Data  Gb  main.o [1]
g_pfnRAMVectors         0x2000'0400  0x26c  Data  Lc  interrupt.o [3]
g_ppui32GPIOIntMapBlizzard
                              0xfb4   0xc0  Data  Lc  gpio.o [3]
g_ppui32GPIOIntMapSnowflake
                             0x1074   0xd8  Data  Lc  gpio.o [3]
g_pui32EnRegs                0x12d8   0x14  Data  Lc  interrupt.o [3]
g_pui32GPIOBaseAddrs         0x114c   0x90  Data  Lc  gpio.o [3]
i                       0x2000'0674    0x4  Data  Gb  main.o [1]
intTochar                     0x94d  0x1ac  Code  Gb  intTochar.o [1]
key                     0x2000'068e    0x1  Data  Gb  main.o [1]
keypad_init                   0x725   0x72  Code  Gb  keypad.o [1]
lcd_Command                   0x69f   0x3c  Code  Gb  lcd.o [1]
lcd_data                      0x6db   0x36  Code  Gb  lcd.o [1]
main                           0x41  0x502  Code  Gb  main.o [1]
no                      0x2000'066c    0x8  Data  Gb  main.o [1]
op                      0x2000'0688    0x4  Data  Gb  main.o [1]
readKeypad                    0x797   0xc0  Code  Gb  keypad.o [1]
res                     0x2000'0684    0x4  Data  Gb  main.o [1]
sign                    0x2000'068c    0x1  Data  Gb  main.o [1]
store                         0x5db    0xc  Code  Gb  main.o [1]
writePin                      0x673   0x2c  Code  Gb  lcd.o [1]
x                       0x2000'068d    0x1  Data  Gb  main.o [1]
z                       0x2000'0000    0x1  Data  Gb  main.o [1]


[1] = C:\Users\user\Desktop\Micro Controllers\Assignments and Projects\Calculator2\Debug\Obj
[2] = dl7M_tln.a
[3] = driverlib.a
[4] = m7M_tls.a
[5] = rt7M_tl.a
[6] = shb_l.a

  5 046 bytes of readonly  code memory
     58 bytes of readonly  data memory
  5 772 bytes of readwrite data memory

Errors: none
Warnings: none
